=== CoPBit Q13d – lane & drift sweep for xN lanes M8 + Channel-b + FFE + adaptive + limited-step Kuramoto (Eb/N0 basis) v0.1 ===
[Param] n_sym          = 500000
[Param] Eb/N0_list(dB) = [18.0, 20.0, 22.0]
[Param] lanes_list     = [64]
[Param] drift_list(deg)= [2.0]
[Param] channel        = b (taps = [0.05, 0.5, 1.0, 0.5, 0.05])
[Param] ffe_len        = 7
[Param] train_frac     = 0.2
[Param] mu_phase       = 0.05  (base, adaptive 전)
[Param] phi_max_deg    = 10.0
[Param] seed           = 1

[INFO] Designed M8 FFE (len=7, train_frac=0.2)

================ drift_std_deg = 2.00 deg =================
 n_lanes | EbN0_dB | BER_M8_base | BER_M8_kura(adapt)
------------------------------------------------------
     64 |    18.0 |   4.952e-01 |   4.975e-01
     64 |    20.0 |   4.891e-01 |   5.128e-01
     64 |    22.0 |   5.170e-01 |   4.992e-01
------------------------------------------------------

※ 주석
 - 채널 b: [0.05, 0.5, 1.0, 0.5, 0.05] 5-tap ISI 채널.
 - M8: CoPBit 위상용 8-PSK (3bit/sym), unit circle, Eb/N0 기반 bit-fair AWGN.
 - Q13c 대비 변경점:
     · Kuramoto 위상 업데이트 스텝에 |err_phasor| 가중치를 곱해 adaptive-step 적용.
     · phasor 코히어런스가 낮을수록 step을 줄여서 발산을 억제.
     · phi_max_deg로 1-step 최대 변화를 제한해 과도한 튐을 추가로 방지.
 - lane 수(L)를 늘리면 평균 phasor의 잡음이 줄어들어 |err_phasor|가 커지고,
   adaptive-step이 자연스럽게 더 큰 스텝으로 위상 락을 잡게 된다.
 - drift_std_deg가 커질수록 err_phasor의 위상/크기 분포가 넓어지는데,
   이때 adaptive-step이 Q13b/13c 대비 얼마나 더 안정적으로 버티는지 비교하면,
   CoPBit 멀티레인 위상 락의 '실제 허용 드리프트 범위'를 한층 더 정교하게 조정할 수 있다.
