=== CoPBit Q15 – M8 vs PAM4 (Channel-c, FFE + Kuramoto) BER vs Eb/N0 v0 ===
[Param] n_sym          = 200000
[Param] Eb/N0_list(dB) = [10.0, 12.0, 14.0, 16.0, 18.0, 20.0, 22.0]
[Param] channel        = c (taps = [0.06302187238523516, 0.37813123431141094, 0.8402916318031354, 0.37813123431141094, 0.06302187238523516])
[Param] ffe_len        = 7
[Param] train_frac     = 0.5
[Param] mu_ffe         = 0.001
[Param] mu_phase       = 0.05
[Param] seed           = 1

[INFO] Channel-c FFE 설계 (PAM4, M8 각각 학습)

===============================================================
 Eb/N0_dB |  BER_PAM4_FFE  |  BER_M8_FFE  |  BER_M8_FFE+Kura 
---------------------------------------------------------------
    10.0 |   0.389966699 |   0.875471264 |   0.876231287
    12.0 |   0.385641569 |   0.875636269 |   0.891096733
    14.0 |   0.382516475 |   0.875051252 |   0.870266108
    16.0 |   0.381426443 |   0.875946278 |   0.888996670
    18.0 |   0.380501415 |   0.875571267 |   0.877211316
    20.0 |   0.381436443 |   0.875861276 |   0.858630759
    22.0 |   0.380241407 |   0.875711271 |   0.884271528
---------------------------------------------------------------

※ 주석
 - 채널 awgn: h=[1.0] (no-ISI), a/b/c: [0.1/0.05/0.075, 0.4/0.5/0.45, 1.0, ...] 5-tap mid-ISI (에너지 정규화).
 - PAM4 레벨: Gray-mapped [-3,-1,+3,+1], Es=1 로 정규화.
 - M8: 8-PSK unit circle (Es=1), 3 bit/sym 기준 Eb/N0로 잡음 주입.
 - FFE: complex LMS, ffe_len=7, train_frac=0.5, mu_ffe=0.001.
 - Kuramoto-style phase tracker: 1-lane decision-directed 위상 보정부.
   · y_eq(k)에 대해 φ_k 를 유지하면서 z_k = y_eq(k)·e^{-jφ_k}.
   · slicer(d_k) 후 error phasor = d_k·z_k* 의 각도를 이용해 φ 업데이트.
   · φ_{k+1} = φ_k + μ_phase·angle(error_phasor).
 - 이 v0 실험은 multi-lane CoPBit Kuramoto의 단일 레인 근사 모델로,
   Q10~Q14에서 잡은 PhaseLock_std 파라미터를 단일 레인에 투영해
   'M8+위상락 vs PAM4+EQ' 구조의 intrinsic Eb/N0 이득을 보는 용도에 가깝다.
