=== CoPBit Q16_midISI – 2-lane (1 p_ref + 1 data), mid-ISI + FFE + common phase-noise v0 ===
[Param] n_sym          = 200000
[Param] Eb/N0_list(dB) = [8.0, 10.0, 12.0, 14.0, 16.0, 18.0, 20.0]
[Param] theta_std_deg  = 0.0
[Param] mu_phase       = 0.0
[Param] alpha_ref      = 0.3  (0→ref-only, 1→data-only)
[Param] ffe_len        = 13
[Param] train_frac     = 1.0
[Param] mu_ffe         = 0.003
[Param] seed           = 1

[Chan ] h_midISI (norm) = [0.04075696 0.40756957 0.81513915 0.40756957 0.04075696]
[Info ] 2-lane: Lane0=p_ref, Lane1=data, 공통 위상 노이즈 + AWGN + mid-ISI + FFE


===============================================================
 Eb/N0_dB |  BER_noPLL   |  BER_DDonly  |  BER_DD+pRef       
---------------------------------------------------------------
      8.0 |     0.280465 |     0.280465 |     0.280465
     10.0 |     0.275200 |     0.275200 |     0.275200
     12.0 |     0.274303 |     0.274303 |     0.274303
     14.0 |     0.275557 |     0.275557 |     0.275557
     16.0 |     0.274833 |     0.274833 |     0.274833
     18.0 |     0.274500 |     0.274500 |     0.274500
     20.0 |     0.274603 |     0.274603 |     0.274603
---------------------------------------------------------------

※ 주석
 - mid-ISI 채널(5-tap symbol-rate) + 공통 위상 노이즈 + AWGN + FFE 환경에서
   2-lane (p_ref + data)의 위상 추적 성능을 비교하는 Q16_midISI v0 실험.
 - No PLL       : equalized data에 대해 위상 추적 없이 8-PSK slicer만 적용.
 - Data-DD only : data lane만 보고 위상 에러를 추정해 φ 업데이트.
 - Data+p_ref   : p_ref lane 에러(e_ref)와 data lane 에러(e_data)를
                  alpha_ref 비율로 섞어서 φ 업데이트.
 - theta_std_deg, alpha_ref, mu_phase, ffe_len, mu_ffe 등을 바꿔 가며
   Q13/Q14(64-lane) 결과와의 스케일링 관계를 보는 용도로 사용 가능.
