=== CoPBit Q16 – 2-lane M8 (p_ref + data), common phase-noise + AWGN v0 ===
[Param] n_sym          = 200000
[Param] Eb/N0_list(dB) = [12.0, 14.0, 16.0]
[Param] theta_std_deg  = 3.0
[Param] mu_phase       = 0.05
[Param] alpha_ref      = 0.0  (0→ref-only, 1→data-only)
[Param] seed           = 1

[INFO] 채널: no-ISI (h=[1]), 공통 위상 노이즈 + AWGN

===============================================================
 Eb/N0_dB |  BER_noPLL   |  BER_DDonly  |  BER_DD+pRef       
---------------------------------------------------------------
    12.0 |   0.502891667 |   0.502435000 |   0.027713333
    14.0 |   0.506680000 |   0.526751667 |   0.020833333
    16.0 |   0.495850000 |   0.496501667 |   0.017776667
---------------------------------------------------------------

※ 주석
 - Lane0: p_ref lane – 모든 심볼이 동일한 8-PSK index(k_ref_const).
 - Lane1: data lane – 3bit/sym 랜덤 데이터.
 - 공통 위상 노이즈: Δφ ~ N(0, σ^2), σ=theta_std_deg[deg]를 rad로 변환 후 누적 (Wiener process).
 - No PLL       : data lane에 slicer만 적용.
 - Data-DD only : data lane만 보고 φ 업데이트 (1-lane PLL 근사).
 - Data+p_ref   : p_ref lane(s_ref vs z_ref) 에러 + data lane 에러를 섞어서 φ 업데이트.
   · total_err = (1-α)*err_ref + α*err_data (α=alpha_ref).
   · α→0 이면 p_ref 축에 더 강하게 락, α→1 이면 data-only PLL로 수렴.
 - 이 Q16 v0 실험은 2-lane 구조에서 p_ref가 실제로 공통 위상 드리프트에
   얼마나 도움을 주는지 보는 '최소 CoPBit 모델'에 해당한다.
   (multi-lane 64L Kuramoto를 2L로 축소한 개념 검증 단계).
