=== CoPBit Q22a – M8 mid-ISI + FFE(LS) + common phase-noise + p_ref PLL v0 ===
[Param] n_sym       = 500000
[Param] Eb/N0_list  = [16.0]
[Param] theta_std   = [0.0, 0.2, 0.5, 0.8, 1.0, 1.2, 1.5, 2.0] (deg)
[Param] ffe_len     = 11
[Param] train_frac  = 0.5
[Param] mu_phase    = 0.05
[Param] alpha_ref   = 0.3  (0→ref-only, 1→data-only)
[Param] seed        = 1

[Chan ] h_midISI (norm) = [0.05+0.j 0.2 +0.j 0.5 +0.j 0.2 +0.j 0.05+0.j]
[Info ] 수신 구조: mid-ISI + AWGN → 공통 FFE(M8, LS) → 공통 위상 노이즈 → 2-lane PLL
[Info ] 레인 구조:
        - Lane0: p_ref lane (고정 8-PSK index)
        - Lane1: data lane (3bit/sym 랜덤 데이터)
[Info ] PLL 모드:
        - No PLL      : data lane에 slicer만 적용
        - Data-DD only: data lane 에러만으로 공통 φ 추적
        - Data+p_ref  : p_ref + data 에러를 alpha_ref 비율로 섞어 φ 추적

=== Q22a (theta_std_deg = 0.0) ===
===============================================================
 Eb/N0_dB |  BER_noPLL   |  BER_DDonly  |  BER_DD+pRef       
---------------------------------------------------------------
     16.0 |     0.000796 |     0.000947 |     0.000807
---------------------------------------------------------------

=== Q22a (theta_std_deg = 0.2) ===
===============================================================
 Eb/N0_dB |  BER_noPLL   |  BER_DDonly  |  BER_DD+pRef       
---------------------------------------------------------------
     16.0 |     0.468736 |     0.001018 |     0.000923
---------------------------------------------------------------

=== Q22a (theta_std_deg = 0.5) ===
===============================================================
 Eb/N0_dB |  BER_noPLL   |  BER_DDonly  |  BER_DD+pRef       
---------------------------------------------------------------
     16.0 |     0.471627 |     0.001217 |     0.001101
---------------------------------------------------------------

=== Q22a (theta_std_deg = 0.8) ===
===============================================================
 Eb/N0_dB |  BER_noPLL   |  BER_DDonly  |  BER_DD+pRef       
---------------------------------------------------------------
     16.0 |     0.503039 |     0.001729 |     0.001538
---------------------------------------------------------------

=== Q22a (theta_std_deg = 1.0) ===
===============================================================
 Eb/N0_dB |  BER_noPLL   |  BER_DDonly  |  BER_DD+pRef       
---------------------------------------------------------------
     16.0 |     0.473557 |     0.002569 |     0.002208
---------------------------------------------------------------

=== Q22a (theta_std_deg = 1.2) ===
===============================================================
 Eb/N0_dB |  BER_noPLL   |  BER_DDonly  |  BER_DD+pRef       
---------------------------------------------------------------
     16.0 |     0.478852 |     0.321099 |     0.003005
---------------------------------------------------------------

=== Q22a (theta_std_deg = 1.5) ===
===============================================================
 Eb/N0_dB |  BER_noPLL   |  BER_DDonly  |  BER_DD+pRef       
---------------------------------------------------------------
     16.0 |     0.478531 |     0.491445 |     0.005102
---------------------------------------------------------------

=== Q22a (theta_std_deg = 2.0) ===
===============================================================
 Eb/N0_dB |  BER_noPLL   |  BER_DDonly  |  BER_DD+pRef       
---------------------------------------------------------------
     16.0 |     0.505451 |     0.496043 |     0.012035
---------------------------------------------------------------

